[2025-04-13T15:29:43.622+0000] {taskinstance.py:1956} INFO - Dependencies all met for dep_context=non-requeueable deps ti=<TaskInstance: dummy_pipeline_example.send_email_notification manual__2025-04-13T15:27:28.970808+00:00 [queued]>
[2025-04-13T15:29:43.635+0000] {taskinstance.py:1956} INFO - Dependencies all met for dep_context=requeueable deps ti=<TaskInstance: dummy_pipeline_example.send_email_notification manual__2025-04-13T15:27:28.970808+00:00 [queued]>
[2025-04-13T15:29:43.636+0000] {taskinstance.py:2170} INFO - Starting attempt 2 of 2
[2025-04-13T15:29:43.659+0000] {taskinstance.py:2191} INFO - Executing <Task(EmailOperator): send_email_notification> on 2025-04-13 15:27:28.970808+00:00
[2025-04-13T15:29:43.673+0000] {standard_task_runner.py:60} INFO - Started process 245 to run task
[2025-04-13T15:29:43.681+0000] {standard_task_runner.py:87} INFO - Running: ['***', 'tasks', 'run', 'dummy_pipeline_example', 'send_email_notification', 'manual__2025-04-13T15:27:28.970808+00:00', '--job-id', '49', '--raw', '--subdir', 'DAGS_FOLDER/pipeline.py', '--cfg-path', '/tmp/tmpc_r1kvck']
[2025-04-13T15:29:43.685+0000] {standard_task_runner.py:88} INFO - Job 49: Subtask send_email_notification
[2025-04-13T15:29:43.966+0000] {task_command.py:423} INFO - Running <TaskInstance: dummy_pipeline_example.send_email_notification manual__2025-04-13T15:27:28.970808+00:00 [running]> on host ae0dc9e16a85
[2025-04-13T15:29:44.390+0000] {taskinstance.py:2480} INFO - Exporting env vars: AIRFLOW_CTX_DAG_OWNER='***' AIRFLOW_CTX_DAG_ID='dummy_pipeline_example' AIRFLOW_CTX_TASK_ID='send_email_notification' AIRFLOW_CTX_EXECUTION_DATE='2025-04-13T15:27:28.970808+00:00' AIRFLOW_CTX_TRY_NUMBER='2' AIRFLOW_CTX_DAG_RUN_ID='manual__2025-04-13T15:27:28.970808+00:00'
[2025-04-13T15:29:44.414+0000] {warnings.py:109} WARNING - /home/***/.local/lib/python3.8/site-packages/***/utils/email.py:154: RemovedInAirflow3Warning: Fetching SMTP credentials from configuration variables will be deprecated in a future release. Please set credentials using a connection instead.
  send_mime_email(e_from=mail_from, e_to=recipients, mime_msg=msg, conn_id=conn_id, dryrun=dryrun)

[2025-04-13T15:29:44.416+0000] {configuration.py:1046} WARNING - section/key [smtp/smtp_user] not found in config
[2025-04-13T15:29:44.418+0000] {email.py:270} INFO - Email alerting: attempt 1
[2025-04-13T15:29:44.419+0000] {taskinstance.py:2698} ERROR - Task failed with exception
Traceback (most recent call last):
  File "/home/airflow/.local/lib/python3.8/site-packages/airflow/models/taskinstance.py", line 433, in _execute_task
    result = execute_callable(context=context, **execute_callable_kwargs)
  File "/home/airflow/.local/lib/python3.8/site-packages/airflow/operators/email.py", line 79, in execute
    send_email(
  File "/home/airflow/.local/lib/python3.8/site-packages/airflow/utils/email.py", line 80, in send_email
    return backend(
  File "/home/airflow/.local/lib/python3.8/site-packages/airflow/utils/email.py", line 154, in send_email_smtp
    send_mime_email(e_from=mail_from, e_to=recipients, mime_msg=msg, conn_id=conn_id, dryrun=dryrun)
  File "/home/airflow/.local/lib/python3.8/site-packages/airflow/utils/email.py", line 272, in send_mime_email
    smtp_conn = _get_smtp_connection(smtp_host, smtp_port, smtp_timeout, smtp_ssl)
  File "/home/airflow/.local/lib/python3.8/site-packages/airflow/utils/email.py", line 316, in _get_smtp_connection
    return smtplib.SMTP(host=host, port=port, timeout=timeout)
  File "/usr/local/lib/python3.8/smtplib.py", line 255, in __init__
    (code, msg) = self.connect(host, port)
  File "/usr/local/lib/python3.8/smtplib.py", line 339, in connect
    self.sock = self._get_socket(host, port, self.timeout)
  File "/usr/local/lib/python3.8/smtplib.py", line 310, in _get_socket
    return socket.create_connection((host, port), timeout,
  File "/usr/local/lib/python3.8/socket.py", line 808, in create_connection
    raise err
  File "/usr/local/lib/python3.8/socket.py", line 796, in create_connection
    sock.connect(sa)
ConnectionRefusedError: [Errno 111] Connection refused
[2025-04-13T15:29:44.427+0000] {taskinstance.py:1138} INFO - Marking task as FAILED. dag_id=dummy_pipeline_example, task_id=send_email_notification, execution_date=20250413T152728, start_date=20250413T152943, end_date=20250413T152944
[2025-04-13T15:29:44.441+0000] {standard_task_runner.py:107} ERROR - Failed to execute job 49 for task send_email_notification ([Errno 111] Connection refused; 245)
[2025-04-13T15:29:44.456+0000] {local_task_job_runner.py:234} INFO - Task exited with return code 1
[2025-04-13T15:29:44.485+0000] {taskinstance.py:3280} INFO - 0 downstream tasks scheduled from follow-on schedule check
